// Jest Snapshot v1, https://goo.gl/fbAQLP

exports[`Pruebas en header Debe de mostrar el componente correctamente  1`] = `
<div
  className="nav"
>
  <div />
  <div />
  <div />
</div>
`;
